
> dfw-viet-biz@0.1.0 build
> next build

npm : 
At line:1 char:1
+ npm run build > 
build_error.log 2>&1
+ ~~~~~~~~~~~~~~~~~~~~
~~~~~~~~~~~~~~~~
    + CategoryInfo    
          : NotSpeci  
  fied: (:String) [   
 ], RemoteExceptio    
n
    + FullyQualifiedE 
   rrorId : NativeCo  
  mmandError
 
> Build error occurred
Error: Configuring 
Next.js via 
'next.config.ts' is 
not supported. Please 
replace the file with 
'next.config.js' or 
'next.config.mjs'.
    at loadConfig 
(C:\Users\Photos and V
ideos\.gemini\antigrav
ity\scratch\dfw-viet-b
iz\node_modules\next\d
ist\server\config.js:7
58:19)
    at async 
Span.traceAsyncFn 
(C:\Users\Photos and V
ideos\.gemini\antigrav
ity\scratch\dfw-viet-b
iz\node_modules\next\d
ist\trace\trace.js:105
:20)
    at async 
C:\Users\Photos and Vi
deos\.gemini\antigravi
ty\scratch\dfw-viet-bi
z\node_modules\next\di
st\build\index.js:190:
28
    at async 
Span.traceAsyncFn 
(C:\Users\Photos and V
ideos\.gemini\antigrav
ity\scratch\dfw-viet-b
iz\node_modules\next\d
ist\trace\trace.js:105
:20)
    at async build 
(C:\Users\Photos and V
ideos\.gemini\antigrav
ity\scratch\dfw-viet-b
iz\node_modules\next\d
ist\build\index.js:185
:29)
    at async main 
(C:\Users\Photos and V
ideos\.gemini\antigrav
ity\scratch\dfw-viet-b
iz\node_modules\next\d
ist\bin\next:157:5)
